$ node --import tsx/esm apps/cli/src/bin.ts --help
Usage: qilin [options] [command] [args...]

qilin: boot a OpenKylin profile — an ordered stack of plugin-bundle patch layers
under your own overrides.

Arguments:
  args                        arguments for the booted profile's app (see: qilin
                              --profile <name> --help)

Options:
  -V, --version               output the version number
  --profile <name>            the profile under $OPENKYLIN_HOME/profiles to boot
  --patch <path>              extra patch-list overlay applied after the profile
                              layer (repeatable)
  --dump-config               print the composed profile tree and exit
  --dump-default-config       print the profile tree without its user layer or
                              --patch overlays and exit

Commands:
  web [options] [args...]     boot the web profile (alias of --profile web); the
                              web app's own flags follow
  plugin [options] [args...]  manage a profile's plugins by forwarding the
                              remaining arguments to pnpm in the profile
                              directory

Examples:
  qilin --profile web                        boot the web profile (same as: qilin web)
  qilin --profile headless "run the tests"   answer one task, print the result, and exit
  qilin --profile tui --patch ./extra.yml    boot a custom profile with one extra overlay
  qilin --profile tui --resume <session>     arguments after the launcher flags reach the app
  qilin --profile web --help                 the web app's own flags and help
  qilin plugin --profile tui add <package>   install a plugin into the tui profile
